../Core/Src/main.c:76:13:Latch_Enable	16	static
../Core/Src/main.c:82:13:Latch_Disable	16	static
../Core/Src/main.c:88:13:Output_Enable	8	static
../Core/Src/main.c:91:13:Clock_On	16	static
../Core/Src/main.c:98:13:Clock_Off	16	static
../Core/Src/main.c:104:13:Data_Out	16	static
../Core/Src/main.c:107:9:Get_Bit_Value	16	static
../Core/Src/main.c:111:6:Turn_Led_On	16	static
../Core/Src/main.c:114:6:Turn_Led_Off	16	static
../Core/Src/main.c:117:6:Clear_All_Led	16	static
../Core/Src/main.c:123:6:Toggle_Every_Led	8	static
../Core/Src/main.c:133:6:Led_Display	16	static
../Core/Src/main.c:149:5:main	8	static
../Core/Src/main.c:197:6:SystemClock_Config	72	static
../Core/Src/main.c:237:6:Error_Handler	4	static,ignoring_inline_asm
